[16:34:12] [main/INFO] (FabricLoader/GameProvider) Loading Minecraft 1.20.1 with Fabric Loader 0.19.2
[16:34:12] [main/INFO] (FabricLoader) Loading 61 mods:
	- architectury 9.2.14
	- fabric-api 0.92.8+1.20.1
	- fabric-api-base 0.4.32+1802ada577
	- fabric-api-lookup-api-v1 1.6.37+1802ada577
	- fabric-biome-api-v1 13.0.15+93aa238b77
	- fabric-block-api-v1 1.0.12+1802ada577
	- fabric-block-view-api-v2 1.0.3+924f046a77
	- fabric-blockrenderlayer-v1 1.1.42+1802ada577
	- fabric-client-tags-api-v1 1.1.3+1802ada577
	- fabric-command-api-v1 1.2.35+f71b366f77
	- fabric-command-api-v2 2.2.14+1802ada577
	- fabric-commands-v0 0.2.52+df3654b377
	- fabric-containers-v0 0.1.67+df3654b377
	- fabric-content-registries-v0 4.0.13+1802ada577
	- fabric-convention-tags-v1 1.5.6+1802ada577
	- fabric-crash-report-info-v1 0.2.20+1802ada577
	- fabric-data-attachment-api-v1 1.0.2+de0fd6d177
	- fabric-data-generation-api-v1 12.3.8+1802ada577
	- fabric-dimensions-v1 2.1.55+1802ada577
	- fabric-entity-events-v1 1.6.1+1c78457f77
	- fabric-events-interaction-v0 0.6.5+13a40c6677
	- fabric-events-lifecycle-v0 0.2.64+df3654b377
	- fabric-game-rule-api-v1 1.0.41+1802ada577
	- fabric-gametest-api-v1 1.2.15+1802ada577
	- fabric-item-api-v1 2.1.29+1802ada577
	- fabric-item-group-api-v1 4.0.14+1802ada577
	- fabric-key-binding-api-v1 1.0.38+1802ada577
	- fabric-keybindings-v0 0.2.36+df3654b377
	- fabric-lifecycle-events-v1 2.2.23+1802ada577
	- fabric-loot-api-v2 1.2.3+1802ada577
	- fabric-loot-tables-v1 1.1.47+9e7660c677
	- fabric-message-api-v1 5.1.10+1802ada577
	- fabric-mining-level-api-v1 2.1.52+1802ada577
	- fabric-model-loading-api-v1 1.0.4+1802ada577
	- fabric-models-v0 0.4.3+9386d8a777
	- fabric-networking-api-v1 1.3.14+a158aa0477
	- fabric-networking-v0 0.3.54+df3654b377
	- fabric-object-builder-api-v1 11.1.5+e35120df77
	- fabric-particles-v1 1.1.3+1802ada577
	- fabric-recipe-api-v1 1.0.24+1802ada577
	- fabric-registry-sync-v0 2.4.0+4c0a70e677
	- fabric-renderer-api-v1 3.2.2+1802ada577
	- fabric-renderer-indigo 1.5.3+85287f9f77
	- fabric-renderer-registries-v1 3.2.47+df3654b377
	- fabric-rendering-data-attachment-v1 0.3.39+92a0d36777
	- fabric-rendering-fluids-v1 3.0.29+1802ada577
	- fabric-rendering-v0 1.1.50+df3654b377
	- fabric-rendering-v1 3.0.9+1802ada577
	- fabric-resource-conditions-api-v1 2.3.9+1802ada577
	- fabric-resource-loader-v0 0.11.12+fb82e9d777
	- fabric-screen-api-v1 2.0.9+1802ada577
	- fabric-screen-handler-api-v1 1.3.33+1802ada577
	- fabric-sound-api-v1 1.0.14+1802ada577
	- fabric-transfer-api-v1 3.3.6+8dd72ea377
	- fabric-transitive-access-wideners-v1 4.3.2+1802ada577
	- fabricloader 0.19.2
	- generated_3c8b3bb 1.0.0
	- java 21
	- minecraft 1.20.1
	- mixinextras 0.5.4
	- naturesfeast 1.0.0-1.20.1
[16:34:12] [main/INFO] (FabricLoader/Mixin) SpongePowered MIXIN Subsystem Version=0.8.7 Source=file:/D:/Ian/gradle/.gradle/caches/modules-2/files-2.1/net.fabricmc/sponge-mixin/0.17.2+mixin.0.8.7/edf98d1d98229e46e36c61774ae2b54dcd852981/sponge-mixin-0.17.2+mixin.0.8.7.jar Service=Knot/Fabric Env=CLIENT
[16:34:13] [main/INFO] (FabricLoader/Mixin) Loaded Fabric development mappings for mixin remapper!
[16:34:13] [main/INFO] (FabricLoader/Mixin) Compatibility level set to JAVA_16
[16:34:13] [main/INFO] (FabricLoader/Mixin) Compatibility level set to JAVA_17
[16:34:14] [main/INFO] (FabricLoader/MixinExtras|Service) Initializing MixinExtras via com.llamalad7.mixinextras.service.MixinExtrasServiceImpl(version=0.5.4).
[16:34:19] [Datafixer Bootstrap/INFO] (Minecraft) 188 Datafixer optimizations took 142 milliseconds
[16:34:21] [Render thread/INFO] (Minecraft) [STDERR]: [LWJGL] [ThreadLocalUtil] Unsupported JNI version detected, this may result in a crash. Please inform LWJGL developers.
[16:34:21] [Render thread/INFO] (Minecraft) Environment: authHost='https://authserver.mojang.com', accountsHost='https://api.mojang.com', sessionHost='https://sessionserver.mojang.com', servicesHost='https://api.minecraftservices.com', name='PROD'
[16:34:21] [Render thread/ERROR] (Minecraft) Failed to verify authentication
com.mojang.authlib.exceptions.InvalidCredentialsException: Status: 401
	at com.mojang.authlib.exceptions.MinecraftClientHttpException.toAuthenticationException(MinecraftClientHttpException.java:56) ~[authlib-4.0.43.jar:?]
	at com.mojang.authlib.yggdrasil.YggdrasilUserApiService.fetchProperties(YggdrasilUserApiService.java:156) ~[authlib-4.0.43.jar:?]
	at com.mojang.authlib.yggdrasil.YggdrasilUserApiService.<init>(YggdrasilUserApiService.java:55) ~[authlib-4.0.43.jar:?]
	at com.mojang.authlib.yggdrasil.YggdrasilAuthenticationService.createUserApiService(YggdrasilAuthenticationService.java:124) ~[authlib-4.0.43.jar:?]
	at net.minecraft.client.Minecraft.createUserApiService(Minecraft.java:733) ~[minecraft-merged-64066463a3-1.20.1-loom.mappings.1_20_1.layered+hash.40545-v2.jar:?]
	at net.minecraft.client.Minecraft.<init>(Minecraft.java:442) ~[minecraft-merged-64066463a3-1.20.1-loom.mappings.1_20_1.layered+hash.40545-v2.jar:?]
	at net.minecraft.client.main.Main.main(Main.java:211) ~[minecraft-merged-64066463a3-1.20.1-loom.mappings.1_20_1.layered+hash.40545-v2.jar:?]
	at net.fabricmc.loader.impl.game.minecraft.MinecraftGameProvider.launch(MinecraftGameProvider.java:514) ~[fabric-loader-0.19.2.jar:?]
	at net.fabricmc.loader.impl.launch.knot.Knot.launch(Knot.java:72) ~[fabric-loader-0.19.2.jar:?]
	at net.fabricmc.loader.impl.launch.knot.KnotClient.main(KnotClient.java:23) ~[fabric-loader-0.19.2.jar:?]
	at net.fabricmc.devlaunchinjector.Main.main(Main.java:86) ~[dev-launch-injector-0.2.1+build.8.jar:?]
	at dev.architectury.transformer.TransformerRuntime.main(TransformerRuntime.java:220) ~[architectury-transformer-5.2.91-runtime.jar:?]
Caused by: com.mojang.authlib.exceptions.MinecraftClientHttpException: Status: 401
	at com.mojang.authlib.minecraft.client.MinecraftClient.readInputStream(MinecraftClient.java:85) ~[authlib-4.0.43.jar:?]
	at com.mojang.authlib.minecraft.client.MinecraftClient.get(MinecraftClient.java:48) ~[authlib-4.0.43.jar:?]
	at com.mojang.authlib.yggdrasil.YggdrasilUserApiService.fetchProperties(YggdrasilUserApiService.java:129) ~[authlib-4.0.43.jar:?]
	... 10 more
[16:34:21] [Render thread/INFO] (Minecraft) Setting user: Player768
[16:34:21] [Render thread/INFO] (naturesfeast) Registering Villagers for naturesfeast
[16:34:21] [Render thread/INFO] (naturesfeast) Registering ModBlockEntities for naturesfeast
[16:34:21] [Render thread/INFO] (naturesfeast) Registering ModEffects for naturesfeast
[16:34:21] [Render thread/INFO] (naturesfeast) Registering ModBlocks for naturesfeast
[16:34:21] [Render thread/INFO] (naturesfeast) Registering Mod ItemGroups for naturesfeast
[16:34:22] [Render thread/INFO] (Indigo) [Indigo] Registering Indigo renderer!
[16:34:22] [Render thread/INFO] (NetworkManagerImpl) Registering S2C receiver with id architectury:spawn_entity_packet
[16:34:22] [Render thread/INFO] (Minecraft) Backend library: LWJGL version 3.3.2-snapshot
[16:34:23] [Render thread/INFO] (Minecraft) Reloading ResourceManager: vanilla, fabric (fabric-crash-report-info-v1, fabric-rendering-data-attachment-v1, fabric-resource-loader-v0, fabric-resource-conditions-api-v1, fabric-networking-api-v1, fabric-api-base, fabric-particles-v1, fabric-content-registries-v0, fabric-object-builder-api-v1, fabric-command-api-v2, generated_3c8b3bb, fabric-loot-api-v2, fabric-gametest-api-v1, fabric-screen-handler-api-v1, fabric-dimensions-v1, fabric-data-generation-api-v1, fabric-registry-sync-v0, fabric-renderer-api-v1, fabric-loot-tables-v1, fabric-commands-v0, fabric-rendering-fluids-v1, fabric-key-binding-api-v1, fabric-mining-level-api-v1, fabric-models-v0, fabric-screen-api-v1, fabric-events-interaction-v0, fabric-renderer-registries-v1, fabric-api, fabric-item-group-api-v1, fabric-data-attachment-api-v1, fabric-rendering-v1, fabric-lifecycle-events-v1, fabric-transfer-api-v1, fabric-convention-tags-v1, fabric-block-view-api-v2, fabric-events-lifecycle-v0, fabric-message-api-v1, fabric-game-rule-api-v1, fabric-block-api-v1, fabric-entity-events-v1, fabric-containers-v0, fabric-blockrenderlayer-v1, fabric-client-tags-api-v1, fabric-renderer-indigo, fabric-biome-api-v1, fabric-item-api-v1, fabric-model-loading-api-v1, fabric-api-lookup-api-v1, fabric-networking-v0, fabric-recipe-api-v1, fabricloader, fabric-sound-api-v1, fabric-transitive-access-wideners-v1, fabric-keybindings-v0, fabric-rendering-v0, fabric-command-api-v1)
[16:34:24] [Worker-Main-11/INFO] (Minecraft) Found unifont_all_no_pua-15.0.06.hex, loading
[16:34:24] [Worker-Main-9/WARN] (Minecraft) Texture naturesfeast:block/horse_fillet with size 21x21 limits mip level from 4 to 0
[16:34:24] [Worker-Main-9/WARN] (Minecraft) minecraft:textures/atlas/blocks.png: dropping miplevel from 4 to 0, because of minimum power of two: 1
[16:34:24] [Realms Notification Availability checker #1/INFO] (Minecraft) Could not authorize you against Realms server: java.lang.RuntimeException: Failed to parse into SignedJWT: FabricMC
[16:34:24] [Worker-Main-2/WARN] (Minecraft) Unable to load model: 'naturesfeast:block/whole_baked_sea_bass_placed3' referenced from: naturesfeast:whole_baked_sea_bass_placed#bites=0,facing=north: java.io.FileNotFoundException: naturesfeast:models/block/whole_baked_sea_bass_placed3.json
[16:34:24] [Worker-Main-2/WARN] (Minecraft) Unable to load model: 'naturesfeast:block/horse_fillet_placed3' referenced from: naturesfeast:horse_fillet_placed#bites=0,facing=north: java.io.FileNotFoundException: naturesfeast:models/block/horse_fillet_placed3.json
[16:34:24] [Worker-Main-2/WARN] (Minecraft) Unable to load model: 'naturesfeast:block/bird_cage_block' referenced from: naturesfeast:bird_cage_block#inventory: java.io.FileNotFoundException: naturesfeast:models/block/bird_cage_block.json
[16:34:25] [Render thread/WARN] (Minecraft) Missing sound for event: minecraft:item.goat_horn.play
[16:34:25] [Render thread/WARN] (Minecraft) Missing sound for event: minecraft:entity.goat.screaming.horn_break
[16:34:25] [Render thread/INFO] (Minecraft) OpenAL initialized on device OpenAL Soft on 扬声器 (Realtek(R) Audio)
[16:34:25] [Render thread/INFO] (Minecraft) Sound engine started
[16:34:25] [Render thread/INFO] (Minecraft) Created: 1024x512x0 minecraft:textures/atlas/blocks.png-atlas
[16:34:25] [Render thread/INFO] (Minecraft) Created: 256x256x4 minecraft:textures/atlas/signs.png-atlas
[16:34:25] [Render thread/INFO] (Minecraft) Created: 512x512x4 minecraft:textures/atlas/shield_patterns.png-atlas
[16:34:25] [Render thread/INFO] (Minecraft) Created: 512x512x4 minecraft:textures/atlas/banner_patterns.png-atlas
[16:34:25] [Render thread/INFO] (Minecraft) Created: 1024x1024x4 minecraft:textures/atlas/armor_trims.png-atlas
[16:34:25] [Render thread/INFO] (Minecraft) Created: 128x64x4 minecraft:textures/atlas/decorated_pot.png-atlas
[16:34:25] [Render thread/INFO] (Minecraft) Created: 256x256x4 minecraft:textures/atlas/chest.png-atlas
[16:34:25] [Render thread/INFO] (Minecraft) Created: 512x256x4 minecraft:textures/atlas/beds.png-atlas
[16:34:25] [Render thread/INFO] (Minecraft) Created: 512x256x4 minecraft:textures/atlas/shulker_boxes.png-atlas
[16:34:26] [Render thread/WARN] (Minecraft) Shader rendertype_entity_translucent_emissive could not find sampler named Sampler2 in the specified shader program.
[16:34:26] [Render thread/INFO] (Minecraft) Created: 256x256x0 minecraft:textures/atlas/particles.png-atlas
[16:34:26] [Render thread/INFO] (Minecraft) Created: 256x256x0 minecraft:textures/atlas/paintings.png-atlas
[16:34:26] [Render thread/INFO] (Minecraft) Created: 128x128x0 minecraft:textures/atlas/mob_effects.png-atlas
[16:34:33] [Render thread/INFO] (FabricRegistrySync) [fabric-registry-sync] Loaded registry data [file 1/4]
[16:34:33] [Worker-Main-15/ERROR] (Minecraft) Couldn't parse element loot_tables:naturalist:blocks/escargots_snails
java.lang.IllegalArgumentException: Can't find block naturesfeast:escargots_snails
	at net.minecraft.world.level.storage.loot.predicates.LootItemBlockStatePropertyCondition$Serializer.method_17937(LootItemBlockStatePropertyCondition.java:79) ~[minecraft-merged-64066463a3-1.20.1-loom.mappings.1_20_1.layered+hash.40545-v2.jar:?]
	at java.util.Optional.orElseThrow(Optional.java:403) ~[?:?]
	at net.minecraft.world.level.storage.loot.predicates.LootItemBlockStatePropertyCondition$Serializer.deserialize(LootItemBlockStatePropertyCondition.java:79) ~[minecraft-merged-64066463a3-1.20.1-loom.mappings.1_20_1.layered+hash.40545-v2.jar:?]
	at net.minecraft.world.level.storage.loot.predicates.LootItemBlockStatePropertyCondition$Serializer.deserialize(LootItemBlockStatePropertyCondition.java:68) ~[minecraft-merged-64066463a3-1.20.1-loom.mappings.1_20_1.layered+hash.40545-v2.jar:?]
	at net.minecraft.world.level.storage.loot.GsonAdapterFactory$JsonAdapter.deserialize(GsonAdapterFactory.java:102) ~[minecraft-merged-64066463a3-1.20.1-loom.mappings.1_20_1.layered+hash.40545-v2.jar:?]
	at com.google.gson.internal.bind.TreeTypeAdapter.read(TreeTypeAdapter.java:76) ~[gson-2.10.jar:?]
	at com.google.gson.internal.bind.TypeAdapterRuntimeTypeWrapper.read(TypeAdapterRuntimeTypeWrapper.java:40) ~[gson-2.10.jar:?]
	at com.google.gson.internal.bind.ArrayTypeAdapter.read(ArrayTypeAdapter.java:72) ~[gson-2.10.jar:?]
	at com.google.gson.Gson.fromJson(Gson.java:1214) ~[gson-2.10.jar:?]
	at com.google.gson.Gson.fromJson(Gson.java:1319) ~[gson-2.10.jar:?]
	at com.google.gson.Gson.fromJson(Gson.java:1290) ~[gson-2.10.jar:?]
	at com.google.gson.internal.bind.TreeTypeAdapter$GsonContextImpl.deserialize(TreeTypeAdapter.java:179) ~[gson-2.10.jar:?]
	at net.minecraft.util.GsonHelper.convertToObject(GsonHelper.java:463) ~[minecraft-merged-64066463a3-1.20.1-loom.mappings.1_20_1.layered+hash.40545-v2.jar:?]
	at net.minecraft.util.GsonHelper.getAsObject(GsonHelper.java:481) ~[minecraft-merged-64066463a3-1.20.1-loom.mappings.1_20_1.layered+hash.40545-v2.jar:?]
	at net.minecraft.world.level.storage.loot.LootPool$Serializer.deserialize(LootPool.java:174) ~[minecraft-merged-64066463a3-1.20.1-loom.mappings.1_20_1.layered+hash.40545-v2.jar:?]
	at net.minecraft.world.level.storage.loot.LootPool$Serializer.deserialize(LootPool.java:169) ~[minecraft-merged-64066463a3-1.20.1-loom.mappings.1_20_1.layered+hash.40545-v2.jar:?]
	at com.google.gson.internal.bind.TreeTypeAdapter.read(TreeTypeAdapter.java:76) ~[gson-2.10.jar:?]
	at com.google.gson.internal.bind.TypeAdapterRuntimeTypeWrapper.read(TypeAdapterRuntimeTypeWrapper.java:40) ~[gson-2.10.jar:?]
	at com.google.gson.internal.bind.ArrayTypeAdapter.read(ArrayTypeAdapter.java:72) ~[gson-2.10.jar:?]
	at com.google.gson.Gson.fromJson(Gson.java:1214) ~[gson-2.10.jar:?]
	at com.google.gson.Gson.fromJson(Gson.java:1319) ~[gson-2.10.jar:?]
	at com.google.gson.Gson.fromJson(Gson.java:1290) ~[gson-2.10.jar:?]
	at com.google.gson.internal.bind.TreeTypeAdapter$GsonContextImpl.deserialize(TreeTypeAdapter.java:179) ~[gson-2.10.jar:?]
	at net.minecraft.util.GsonHelper.convertToObject(GsonHelper.java:463) ~[minecraft-merged-64066463a3-1.20.1-loom.mappings.1_20_1.layered+hash.40545-v2.jar:?]
	at net.minecraft.util.GsonHelper.getAsObject(GsonHelper.java:481) ~[minecraft-merged-64066463a3-1.20.1-loom.mappings.1_20_1.layered+hash.40545-v2.jar:?]
	at net.minecraft.world.level.storage.loot.LootTable$Serializer.deserialize(LootTable.java:250) ~[minecraft-merged-64066463a3-1.20.1-loom.mappings.1_20_1.layered+hash.40545-v2.jar:?]
	at net.minecraft.world.level.storage.loot.LootTable$Serializer.deserialize(LootTable.java:246) ~[minecraft-merged-64066463a3-1.20.1-loom.mappings.1_20_1.layered+hash.40545-v2.jar:?]
	at com.google.gson.internal.bind.TreeTypeAdapter.read(TreeTypeAdapter.java:76) ~[gson-2.10.jar:?]
	at com.google.gson.Gson.fromJson(Gson.java:1214) ~[gson-2.10.jar:?]
	at com.google.gson.Gson.fromJson(Gson.java:1319) ~[gson-2.10.jar:?]
	at com.google.gson.Gson.fromJson(Gson.java:1261) ~[gson-2.10.jar:?]
	at net.minecraft.world.level.storage.loot.LootDataType.method_51205(LootDataType.java:64) ~[minecraft-merged-64066463a3-1.20.1-loom.mappings.1_20_1.layered+hash.40545-v2.jar:?]
	at net.minecraft.world.level.storage.loot.LootDataType.deserialize(LootDataType.java:48) ~[minecraft-merged-64066463a3-1.20.1-loom.mappings.1_20_1.layered+hash.40545-v2.jar:?]
	at net.minecraft.world.level.storage.loot.LootDataManager.method_51195(LootDataManager.java:55) ~[minecraft-merged-64066463a3-1.20.1-loom.mappings.1_20_1.layered+hash.40545-v2.jar:?]
	at java.util.HashMap.forEach(HashMap.java:1429) ~[?:?]
	at net.minecraft.world.level.storage.loot.LootDataManager.method_51189(LootDataManager.java:55) ~[minecraft-merged-64066463a3-1.20.1-loom.mappings.1_20_1.layered+hash.40545-v2.jar:?]
	at java.util.concurrent.CompletableFuture$AsyncRun.run(CompletableFuture.java:1804) ~[?:?]
	at java.util.concurrent.CompletableFuture$AsyncRun.exec(CompletableFuture.java:1796) ~[?:?]
	at java.util.concurrent.ForkJoinTask.doExec(ForkJoinTask.java:387) ~[?:?]
	at java.util.concurrent.ForkJoinPool$WorkQueue.topLevelExec(ForkJoinPool.java:1312) ~[?:?]
	at java.util.concurrent.ForkJoinPool.scan(ForkJoinPool.java:1843) ~[?:?]
	at java.util.concurrent.ForkJoinPool.runWorker(ForkJoinPool.java:1808) ~[?:?]
	at java.util.concurrent.ForkJoinWorkerThread.run(ForkJoinWorkerThread.java:188) ~[?:?]
[16:34:33] [Worker-Main-15/ERROR] (Minecraft) Couldn't parse element loot_tables:naturalist:entities/bear
com.google.gson.JsonSyntaxException: Expected name to be an item, was unknown string 'naturalist:fur'
	at net.minecraft.util.GsonHelper.method_17995(GsonHelper.java:145) ~[minecraft-merged-64066463a3-1.20.1-loom.mappings.1_20_1.layered+hash.40545-v2.jar:?]
	at java.util.Optional.orElseThrow(Optional.java:403) ~[?:?]
	at net.minecraft.util.GsonHelper.convertToItem(GsonHelper.java:145) ~[minecraft-merged-64066463a3-1.20.1-loom.mappings.1_20_1.layered+hash.40545-v2.jar:?]
	at net.minecraft.util.GsonHelper.getAsItem(GsonHelper.java:153) ~[minecraft-merged-64066463a3-1.20.1-loom.mappings.1_20_1.layered+hash.40545-v2.jar:?]
	at net.minecraft.world.level.storage.loot.entries.LootItem$Serializer.deserialize(LootItem.java:55) ~[minecraft-merged-64066463a3-1.20.1-loom.mappings.1_20_1.layered+hash.40545-v2.jar:?]
	at net.minecraft.world.level.storage.loot.entries.LootItem$Serializer.deserialize(LootItem.java:40) ~[minecraft-merged-64066463a3-1.20.1-loom.mappings.1_20_1.layered+hash.40545-v2.jar:?]
	at net.minecraft.world.level.storage.loot.entries.LootPoolSingletonContainer$Serializer.deserializeCustom(LootPoolSingletonContainer.java:151) ~[minecraft-merged-64066463a3-1.20.1-loom.mappings.1_20_1.layered+hash.40545-v2.jar:?]
	at net.minecraft.world.level.storage.loot.entries.LootPoolSingletonContainer$Serializer.deserializeCustom(LootPoolSingletonContainer.java:129) ~[minecraft-merged-64066463a3-1.20.1-loom.mappings.1_20_1.layered+hash.40545-v2.jar:?]
	at net.minecraft.world.level.storage.loot.entries.LootPoolEntryContainer$Serializer.deserialize(LootPoolEntryContainer.java:86) ~[minecraft-merged-64066463a3-1.20.1-loom.mappings.1_20_1.layered+hash.40545-v2.jar:?]
	at net.minecraft.world.level.storage.loot.entries.LootPoolEntryContainer$Serializer.deserialize(LootPoolEntryContainer.java:74) ~[minecraft-merged-64066463a3-1.20.1-loom.mappings.1_20_1.layered+hash.40545-v2.jar:?]
	at net.minecraft.world.level.storage.loot.GsonAdapterFactory$JsonAdapter.deserialize(GsonAdapterFactory.java:102) ~[minecraft-merged-64066463a3-1.20.1-loom.mappings.1_20_1.layered+hash.40545-v2.jar:?]
	at com.google.gson.internal.bind.TreeTypeAdapter.read(TreeTypeAdapter.java:76) ~[gson-2.10.jar:?]
	at com.google.gson.internal.bind.TypeAdapterRuntimeTypeWrapper.read(TypeAdapterRuntimeTypeWrapper.java:40) ~[gson-2.10.jar:?]
	at com.google.gson.internal.bind.ArrayTypeAdapter.read(ArrayTypeAdapter.java:72) ~[gson-2.10.jar:?]
	at com.google.gson.Gson.fromJson(Gson.java:1214) ~[gson-2.10.jar:?]
	at com.google.gson.Gson.fromJson(Gson.java:1319) ~[gson-2.10.jar:?]
	at com.google.gson.Gson.fromJson(Gson.java:1290) ~[gson-2.10.jar:?]
	at com.google.gson.internal.bind.TreeTypeAdapter$GsonContextImpl.deserialize(TreeTypeAdapter.java:179) ~[gson-2.10.jar:?]
	at net.minecraft.util.GsonHelper.convertToObject(GsonHelper.java:463) ~[minecraft-merged-64066463a3-1.20.1-loom.mappings.1_20_1.layered+hash.40545-v2.jar:?]
	at net.minecraft.util.GsonHelper.getAsObject(GsonHelper.java:471) ~[minecraft-merged-64066463a3-1.20.1-loom.mappings.1_20_1.layered+hash.40545-v2.jar:?]
	at net.minecraft.world.level.storage.loot.LootPool$Serializer.deserialize(LootPool.java:173) ~[minecraft-merged-64066463a3-1.20.1-loom.mappings.1_20_1.layered+hash.40545-v2.jar:?]
	at net.minecraft.world.level.storage.loot.LootPool$Serializer.deserialize(LootPool.java:169) ~[minecraft-merged-64066463a3-1.20.1-loom.mappings.1_20_1.layered+hash.40545-v2.jar:?]
	at com.google.gson.internal.bind.TreeTypeAdapter.read(TreeTypeAdapter.java:76) ~[gson-2.10.jar:?]
	at com.google.gson.internal.bind.TypeAdapterRuntimeTypeWrapper.read(TypeAdapterRuntimeTypeWrapper.java:40) ~[gson-2.10.jar:?]
	at com.google.gson.internal.bind.ArrayTypeAdapter.read(ArrayTypeAdapter.java:72) ~[gson-2.10.jar:?]
	at com.google.gson.Gson.fromJson(Gson.java:1214) ~[gson-2.10.jar:?]
	at com.google.gson.Gson.fromJson(Gson.java:1319) ~[gson-2.10.jar:?]
	at com.google.gson.Gson.fromJson(Gson.java:1290) ~[gson-2.10.jar:?]
	at com.google.gson.internal.bind.TreeTypeAdapter$GsonContextImpl.deserialize(TreeTypeAdapter.java:179) ~[gson-2.10.jar:?]
	at net.minecraft.util.GsonHelper.convertToObject(GsonHelper.java:463) ~[minecraft-merged-64066463a3-1.20.1-loom.mappings.1_20_1.layered+hash.40545-v2.jar:?]
	at net.minecraft.util.GsonHelper.getAsObject(GsonHelper.java:481) ~[minecraft-merged-64066463a3-1.20.1-loom.mappings.1_20_1.layered+hash.40545-v2.jar:?]
	at net.minecraft.world.level.storage.loot.LootTable$Serializer.deserialize(LootTable.java:250) ~[minecraft-merged-64066463a3-1.20.1-loom.mappings.1_20_1.layered+hash.40545-v2.jar:?]
	at net.minecraft.world.level.storage.loot.LootTable$Serializer.deserialize(LootTable.java:246) ~[minecraft-merged-64066463a3-1.20.1-loom.mappings.1_20_1.layered+hash.40545-v2.jar:?]
	at com.google.gson.internal.bind.TreeTypeAdapter.read(TreeTypeAdapter.java:76) ~[gson-2.10.jar:?]
	at com.google.gson.Gson.fromJson(Gson.java:1214) ~[gson-2.10.jar:?]
	at com.google.gson.Gson.fromJson(Gson.java:1319) ~[gson-2.10.jar:?]
	at com.google.gson.Gson.fromJson(Gson.java:1261) ~[gson-2.10.jar:?]
	at net.minecraft.world.level.storage.loot.LootDataType.method_51205(LootDataType.java:64) ~[minecraft-merged-64066463a3-1.20.1-loom.mappings.1_20_1.layered+hash.40545-v2.jar:?]
	at net.minecraft.world.level.storage.loot.LootDataType.deserialize(LootDataType.java:48) ~[minecraft-merged-64066463a3-1.20.1-loom.mappings.1_20_1.layered+hash.40545-v2.jar:?]
	at net.minecraft.world.level.storage.loot.LootDataManager.method_51195(LootDataManager.java:55) ~[minecraft-merged-64066463a3-1.20.1-loom.mappings.1_20_1.layered+hash.40545-v2.jar:?]
	at java.util.HashMap.forEach(HashMap.java:1429) ~[?:?]
	at net.minecraft.world.level.storage.loot.LootDataManager.method_51189(LootDataManager.java:55) ~[minecraft-merged-64066463a3-1.20.1-loom.mappings.1_20_1.layered+hash.40545-v2.jar:?]
	at java.util.concurrent.CompletableFuture$AsyncRun.run(CompletableFuture.java:1804) ~[?:?]
	at java.util.concurrent.CompletableFuture$AsyncRun.exec(CompletableFuture.java:1796) ~[?:?]
	at java.util.concurrent.ForkJoinTask.doExec(ForkJoinTask.java:387) ~[?:?]
	at java.util.concurrent.ForkJoinPool$WorkQueue.topLevelExec(ForkJoinPool.java:1312) ~[?:?]
	at java.util.concurrent.ForkJoinPool.scan(ForkJoinPool.java:1843) ~[?:?]
	at java.util.concurrent.ForkJoinPool.runWorker(ForkJoinPool.java:1808) ~[?:?]
	at java.util.concurrent.ForkJoinWorkerThread.run(ForkJoinWorkerThread.java:188) ~[?:?]
[16:34:33] [Render thread/ERROR] (Minecraft) Parsing error loading recipe naturesfeast:dried_black_pepper
com.google.gson.JsonSyntaxException: Invalid or unsupported recipe type 'farm_and_charm:drying'
	at net.minecraft.world.item.crafting.RecipeManager.method_17875(RecipeManager.java:134) ~[minecraft-merged-64066463a3-1.20.1-loom.mappings.1_20_1.layered+hash.40545-v2.jar:?]
	at java.util.Optional.orElseThrow(Optional.java:403) ~[?:?]
	at net.minecraft.world.item.crafting.RecipeManager.fromJson(RecipeManager.java:134) ~[minecraft-merged-64066463a3-1.20.1-loom.mappings.1_20_1.layered+hash.40545-v2.jar:?]
	at net.minecraft.world.item.crafting.RecipeManager.apply(RecipeManager.java:56) ~[minecraft-merged-64066463a3-1.20.1-loom.mappings.1_20_1.layered+hash.40545-v2.jar:?]
	at net.minecraft.world.item.crafting.RecipeManager.apply(RecipeManager.java:35) ~[minecraft-merged-64066463a3-1.20.1-loom.mappings.1_20_1.layered+hash.40545-v2.jar:?]
	at net.minecraft.server.packs.resources.SimplePreparableReloadListener.method_18790(SimplePreparableReloadListener.java:13) ~[minecraft-merged-64066463a3-1.20.1-loom.mappings.1_20_1.layered+hash.40545-v2.jar:?]
	at java.util.concurrent.CompletableFuture$UniAccept.tryFire(CompletableFuture.java:718) ~[?:?]
	at java.util.concurrent.CompletableFuture$Completion.run(CompletableFuture.java:482) ~[?:?]
	at net.minecraft.server.packs.resources.SimpleReloadInstance.method_18365(SimpleReloadInstance.java:69) ~[minecraft-merged-64066463a3-1.20.1-loom.mappings.1_20_1.layered+hash.40545-v2.jar:?]
	at net.minecraft.util.thread.BlockableEventLoop.doRunTask(BlockableEventLoop.java:156) ~[minecraft-merged-64066463a3-1.20.1-loom.mappings.1_20_1.layered+hash.40545-v2.jar:?]
	at net.minecraft.util.thread.ReentrantBlockableEventLoop.doRunTask(ReentrantBlockableEventLoop.java:23) ~[minecraft-merged-64066463a3-1.20.1-loom.mappings.1_20_1.layered+hash.40545-v2.jar:?]
	at net.minecraft.util.thread.BlockableEventLoop.pollTask(BlockableEventLoop.java:130) ~[minecraft-merged-64066463a3-1.20.1-loom.mappings.1_20_1.layered+hash.40545-v2.jar:?]
	at net.minecraft.util.thread.BlockableEventLoop.managedBlock(BlockableEventLoop.java:139) ~[minecraft-merged-64066463a3-1.20.1-loom.mappings.1_20_1.layered+hash.40545-v2.jar:?]
	at net.minecraft.client.gui.screens.worldselection.WorldOpenFlows.loadWorldDataBlocking(WorldOpenFlows.java:188) ~[minecraft-merged-64066463a3-1.20.1-loom.mappings.1_20_1.layered+hash.40545-v2.jar:?]
	at net.minecraft.client.gui.screens.worldselection.WorldOpenFlows.loadWorldStem(WorldOpenFlows.java:123) ~[minecraft-merged-64066463a3-1.20.1-loom.mappings.1_20_1.layered+hash.40545-v2.jar:?]
	at net.minecraft.client.gui.screens.worldselection.WorldOpenFlows.doLoadLevel(WorldOpenFlows.java:202) ~[minecraft-merged-64066463a3-1.20.1-loom.mappings.1_20_1.layered+hash.40545-v2.jar:?]
	at net.minecraft.client.gui.screens.worldselection.WorldOpenFlows.loadLevel(WorldOpenFlows.java:64) ~[minecraft-merged-64066463a3-1.20.1-loom.mappings.1_20_1.layered+hash.40545-v2.jar:?]
	at net.minecraft.client.gui.screens.worldselection.WorldSelectionList$WorldListEntry.loadWorld(WorldSelectionList.java:590) ~[minecraft-merged-64066463a3-1.20.1-loom.mappings.1_20_1.layered+hash.40545-v2.jar:?]
	at net.minecraft.client.gui.screens.worldselection.WorldSelectionList$WorldListEntry.joinWorld(WorldSelectionList.java:480) ~[minecraft-merged-64066463a3-1.20.1-loom.mappings.1_20_1.layered+hash.40545-v2.jar:?]
	at net.minecraft.client.gui.screens.worldselection.WorldSelectionList$WorldListEntry.mouseClicked(WorldSelectionList.java:402) ~[minecraft-merged-64066463a3-1.20.1-loom.mappings.1_20_1.layered+hash.40545-v2.jar:?]
	at net.minecraft.client.gui.components.AbstractSelectionList.mouseClicked(AbstractSelectionList.java:327) ~[minecraft-merged-64066463a3-1.20.1-loom.mappings.1_20_1.layered+hash.40545-v2.jar:?]
	at net.minecraft.client.gui.components.events.ContainerEventHandler.mouseClicked(ContainerEventHandler.java:38) ~[minecraft-merged-64066463a3-1.20.1-loom.mappings.1_20_1.layered+hash.40545-v2.jar:?]
	at net.minecraft.client.MouseHandler.method_1611(MouseHandler.java:98) ~[minecraft-merged-64066463a3-1.20.1-loom.mappings.1_20_1.layered+hash.40545-v2.jar:?]
	at net.minecraft.client.gui.screens.Screen.wrapScreenError(Screen.java:409) ~[minecraft-merged-64066463a3-1.20.1-loom.mappings.1_20_1.layered+hash.40545-v2.jar:?]
	at net.minecraft.client.MouseHandler.onPress(MouseHandler.java:98) ~[minecraft-merged-64066463a3-1.20.1-loom.mappings.1_20_1.layered+hash.40545-v2.jar:?]
	at net.minecraft.client.MouseHandler.method_22686(MouseHandler.java:169) ~[minecraft-merged-64066463a3-1.20.1-loom.mappings.1_20_1.layered+hash.40545-v2.jar:?]
	at net.minecraft.util.thread.BlockableEventLoop.execute(BlockableEventLoop.java:102) ~[minecraft-merged-64066463a3-1.20.1-loom.mappings.1_20_1.layered+hash.40545-v2.jar:?]
	at net.minecraft.client.MouseHandler.method_22684(MouseHandler.java:169) ~[minecraft-merged-64066463a3-1.20.1-loom.mappings.1_20_1.layered+hash.40545-v2.jar:?]
	at org.lwjgl.glfw.GLFWMouseButtonCallbackI.callback(GLFWMouseButtonCallbackI.java:43) ~[lwjgl-glfw-3.3.2.jar:build 13]
	at org.lwjgl.system.JNI.invokeV(Native Method) ~[lwjgl-3.3.2.jar:build 13]
	at org.lwjgl.glfw.GLFW.glfwWaitEventsTimeout(GLFW.java:3509) ~[lwjgl-glfw-3.3.2.jar:build 13]
	at com.mojang.blaze3d.systems.RenderSystem.limitDisplayFPS(RenderSystem.java:237) ~[minecraft-merged-64066463a3-1.20.1-loom.mappings.1_20_1.layered+hash.40545-v2.jar:?]
	at net.minecraft.client.Minecraft.runTick(Minecraft.java:1244) ~[minecraft-merged-64066463a3-1.20.1-loom.mappings.1_20_1.layered+hash.40545-v2.jar:?]
	at net.minecraft.client.Minecraft.run(Minecraft.java:802) ~[minecraft-merged-64066463a3-1.20.1-loom.mappings.1_20_1.layered+hash.40545-v2.jar:?]
	at net.minecraft.client.main.Main.main(Main.java:250) ~[minecraft-merged-64066463a3-1.20.1-loom.mappings.1_20_1.layered+hash.40545-v2.jar:?]
	at net.fabricmc.loader.impl.game.minecraft.MinecraftGameProvider.launch(MinecraftGameProvider.java:514) ~[fabric-loader-0.19.2.jar:?]
	at net.fabricmc.loader.impl.launch.knot.Knot.launch(Knot.java:72) ~[fabric-loader-0.19.2.jar:?]
	at net.fabricmc.loader.impl.launch.knot.KnotClient.main(KnotClient.java:23) ~[fabric-loader-0.19.2.jar:?]
	at net.fabricmc.devlaunchinjector.Main.main(Main.java:86) ~[dev-launch-injector-0.2.1+build.8.jar:?]
	at dev.architectury.transformer.TransformerRuntime.main(TransformerRuntime.java:220) ~[architectury-transformer-5.2.91-runtime.jar:?]
[16:34:33] [Render thread/ERROR] (Minecraft) Parsing error loading recipe naturesfeast:cajun_powder
com.google.gson.JsonSyntaxException: Invalid or unsupported recipe type 'farm_and_charm:mixing'
	at net.minecraft.world.item.crafting.RecipeManager.method_17875(RecipeManager.java:134) ~[minecraft-merged-64066463a3-1.20.1-loom.mappings.1_20_1.layered+hash.40545-v2.jar:?]
	at java.util.Optional.orElseThrow(Optional.java:403) ~[?:?]
	at net.minecraft.world.item.crafting.RecipeManager.fromJson(RecipeManager.java:134) ~[minecraft-merged-64066463a3-1.20.1-loom.mappings.1_20_1.layered+hash.40545-v2.jar:?]
	at net.minecraft.world.item.crafting.RecipeManager.apply(RecipeManager.java:56) ~[minecraft-merged-64066463a3-1.20.1-loom.mappings.1_20_1.layered+hash.40545-v2.jar:?]
	at net.minecraft.world.item.crafting.RecipeManager.apply(RecipeManager.java:35) ~[minecraft-merged-64066463a3-1.20.1-loom.mappings.1_20_1.layered+hash.40545-v2.jar:?]
	at net.minecraft.server.packs.resources.SimplePreparableReloadListener.method_18790(SimplePreparableReloadListener.java:13) ~[minecraft-merged-64066463a3-1.20.1-loom.mappings.1_20_1.layered+hash.40545-v2.jar:?]
	at java.util.concurrent.CompletableFuture$UniAccept.tryFire(CompletableFuture.java:718) ~[?:?]
	at java.util.concurrent.CompletableFuture$Completion.run(CompletableFuture.java:482) ~[?:?]
	at net.minecraft.server.packs.resources.SimpleReloadInstance.method_18365(SimpleReloadInstance.java:69) ~[minecraft-merged-64066463a3-1.20.1-loom.mappings.1_20_1.layered+hash.40545-v2.jar:?]
	at net.minecraft.util.thread.BlockableEventLoop.doRunTask(BlockableEventLoop.java:156) ~[minecraft-merged-64066463a3-1.20.1-loom.mappings.1_20_1.layered+hash.40545-v2.jar:?]
	at net.minecraft.util.thread.ReentrantBlockableEventLoop.doRunTask(ReentrantBlockableEventLoop.java:23) ~[minecraft-merged-64066463a3-1.20.1-loom.mappings.1_20_1.layered+hash.40545-v2.jar:?]
	at net.minecraft.util.thread.BlockableEventLoop.pollTask(BlockableEventLoop.java:130) ~[minecraft-merged-64066463a3-1.20.1-loom.mappings.1_20_1.layered+hash.40545-v2.jar:?]
	at net.minecraft.util.thread.BlockableEventLoop.managedBlock(BlockableEventLoop.java:139) ~[minecraft-merged-64066463a3-1.20.1-loom.mappings.1_20_1.layered+hash.40545-v2.jar:?]
	at net.minecraft.client.gui.screens.worldselection.WorldOpenFlows.loadWorldDataBlocking(WorldOpenFlows.java:188) ~[minecraft-merged-64066463a3-1.20.1-loom.mappings.1_20_1.layered+hash.40545-v2.jar:?]
	at net.minecraft.client.gui.screens.worldselection.WorldOpenFlows.loadWorldStem(WorldOpenFlows.java:123) ~[minecraft-merged-64066463a3-1.20.1-loom.mappings.1_20_1.layered+hash.40545-v2.jar:?]
	at net.minecraft.client.gui.screens.worldselection.WorldOpenFlows.doLoadLevel(WorldOpenFlows.java:202) ~[minecraft-merged-64066463a3-1.20.1-loom.mappings.1_20_1.layered+hash.40545-v2.jar:?]
	at net.minecraft.client.gui.screens.worldselection.WorldOpenFlows.loadLevel(WorldOpenFlows.java:64) ~[minecraft-merged-64066463a3-1.20.1-loom.mappings.1_20_1.layered+hash.40545-v2.jar:?]
	at net.minecraft.client.gui.screens.worldselection.WorldSelectionList$WorldListEntry.loadWorld(WorldSelectionList.java:590) ~[minecraft-merged-64066463a3-1.20.1-loom.mappings.1_20_1.layered+hash.40545-v2.jar:?]
	at net.minecraft.client.gui.screens.worldselection.WorldSelectionList$WorldListEntry.joinWorld(WorldSelectionList.java:480) ~[minecraft-merged-64066463a3-1.20.1-loom.mappings.1_20_1.layered+hash.40545-v2.jar:?]
	at net.minecraft.client.gui.screens.worldselection.WorldSelectionList$WorldListEntry.mouseClicked(WorldSelectionList.java:402) ~[minecraft-merged-64066463a3-1.20.1-loom.mappings.1_20_1.layered+hash.40545-v2.jar:?]
	at net.minecraft.client.gui.components.AbstractSelectionList.mouseClicked(AbstractSelectionList.java:327) ~[minecraft-merged-64066463a3-1.20.1-loom.mappings.1_20_1.layered+hash.40545-v2.jar:?]
	at net.minecraft.client.gui.components.events.ContainerEventHandler.mouseClicked(ContainerEventHandler.java:38) ~[minecraft-merged-64066463a3-1.20.1-loom.mappings.1_20_1.layered+hash.40545-v2.jar:?]
	at net.minecraft.client.MouseHandler.method_1611(MouseHandler.java:98) ~[minecraft-merged-64066463a3-1.20.1-loom.mappings.1_20_1.layered+hash.40545-v2.jar:?]
	at net.minecraft.client.gui.screens.Screen.wrapScreenError(Screen.java:409) ~[minecraft-merged-64066463a3-1.20.1-loom.mappings.1_20_1.layered+hash.40545-v2.jar:?]
	at net.minecraft.client.MouseHandler.onPress(MouseHandler.java:98) ~[minecraft-merged-64066463a3-1.20.1-loom.mappings.1_20_1.layered+hash.40545-v2.jar:?]
	at net.minecraft.client.MouseHandler.method_22686(MouseHandler.java:169) ~[minecraft-merged-64066463a3-1.20.1-loom.mappings.1_20_1.layered+hash.40545-v2.jar:?]
	at net.minecraft.util.thread.BlockableEventLoop.execute(BlockableEventLoop.java:102) ~[minecraft-merged-64066463a3-1.20.1-loom.mappings.1_20_1.layered+hash.40545-v2.jar:?]
	at net.minecraft.client.MouseHandler.method_22684(MouseHandler.java:169) ~[minecraft-merged-64066463a3-1.20.1-loom.mappings.1_20_1.layered+hash.40545-v2.jar:?]
	at org.lwjgl.glfw.GLFWMouseButtonCallbackI.callback(GLFWMouseButtonCallbackI.java:43) ~[lwjgl-glfw-3.3.2.jar:build 13]
	at org.lwjgl.system.JNI.invokeV(Native Method) ~[lwjgl-3.3.2.jar:build 13]
	at org.lwjgl.glfw.GLFW.glfwWaitEventsTimeout(GLFW.java:3509) ~[lwjgl-glfw-3.3.2.jar:build 13]
	at com.mojang.blaze3d.systems.RenderSystem.limitDisplayFPS(RenderSystem.java:237) ~[minecraft-merged-64066463a3-1.20.1-loom.mappings.1_20_1.layered+hash.40545-v2.jar:?]
	at net.minecraft.client.Minecraft.runTick(Minecraft.java:1244) ~[minecraft-merged-64066463a3-1.20.1-loom.mappings.1_20_1.layered+hash.40545-v2.jar:?]
	at net.minecraft.client.Minecraft.run(Minecraft.java:802) ~[minecraft-merged-64066463a3-1.20.1-loom.mappings.1_20_1.layered+hash.40545-v2.jar:?]
	at net.minecraft.client.main.Main.main(Main.java:250) ~[minecraft-merged-64066463a3-1.20.1-loom.mappings.1_20_1.layered+hash.40545-v2.jar:?]
	at net.fabricmc.loader.impl.game.minecraft.MinecraftGameProvider.launch(MinecraftGameProvider.java:514) ~[fabric-loader-0.19.2.jar:?]
	at net.fabricmc.loader.impl.launch.knot.Knot.launch(Knot.java:72) ~[fabric-loader-0.19.2.jar:?]
	at net.fabricmc.loader.impl.launch.knot.KnotClient.main(KnotClient.java:23) ~[fabric-loader-0.19.2.jar:?]
	at net.fabricmc.devlaunchinjector.Main.main(Main.java:86) ~[dev-launch-injector-0.2.1+build.8.jar:?]
	at dev.architectury.transformer.TransformerRuntime.main(TransformerRuntime.java:220) ~[architectury-transformer-5.2.91-runtime.jar:?]
[16:34:33] [Render thread/INFO] (Minecraft) Loaded 7 recipes
[16:34:33] [Render thread/INFO] (Minecraft) Loaded 1282 advancements
[16:34:34] [Render thread/INFO] (BiomeModificationImpl) Applied 256 biome modifications to 64 of 64 new biomes in 15.36 ms
[16:34:34] [Server thread/INFO] (Minecraft) Starting integrated minecraft server version 1.20.1
[16:34:34] [Server thread/INFO] (Minecraft) Generating keypair
[16:34:35] [Server thread/INFO] (Minecraft) Preparing start region for dimension minecraft:overworld
[16:34:37] [Render thread/INFO] (Minecraft) 准备生成区域中：0%
[16:34:37] [Render thread/INFO] (Minecraft) 准备生成区域中：0%
[16:34:37] [Render thread/INFO] (Minecraft) 准备生成区域中：0%
[16:34:37] [Render thread/INFO] (Minecraft) 准备生成区域中：0%
[16:34:37] [Render thread/INFO] (Minecraft) 准备生成区域中：0%
[16:34:37] [Render thread/INFO] (Minecraft) 准备生成区域中：0%
[16:34:38] [Render thread/INFO] (Minecraft) 准备生成区域中：56%
[16:34:38] [Render thread/INFO] (Minecraft) Time elapsed: 3208 ms
[16:34:38] [Server thread/INFO] (Minecraft) Changing view distance to 12, from 10
[16:34:38] [Server thread/INFO] (Minecraft) Changing simulation distance to 12, from 0
[16:34:39] [Server thread/INFO] (Minecraft) Player768[local:E:ba8368e2] logged in with entity id 83 at (-203.3054824634174, 117.0625, 101.38874537570949)
[16:34:39] [Server thread/INFO] (Minecraft) Player768加入了游戏
[16:34:39] [Render thread/INFO] (Minecraft) Loaded 2 advancements
[16:35:12] [Server thread/INFO] (Minecraft) Player768取得了进度[扣下悬刀]
[16:35:12] [Render thread/INFO] (Minecraft) [System] [CHAT] Player768取得了进度[扣下悬刀]
[16:35:12] [Render thread/INFO] (Minecraft) Loaded 6 advancements
[16:35:12] [Server thread/INFO] (Minecraft) Player768取得了进度[瞄准目标]
[16:35:12] [Render thread/INFO] (Minecraft) [System] [CHAT] Player768取得了进度[瞄准目标]
[16:35:12] [Render thread/INFO] (Minecraft) Loaded 10 advancements
[16:35:15] [Server thread/INFO] (Minecraft) Villager Villager['猎人'/317, l='ServerLevel[Test]', x=-199.50, y=117.06, z=101.70] died, message: '猎人被Player768用[Karabiner 98k]射杀'
[16:35:15] [Server thread/INFO] (Minecraft) Villager Villager['猎人'/320, l='ServerLevel[Test]', x=-201.50, y=117.06, z=101.70] died, message: '猎人被Player768用[Karabiner 98k]射杀'
[16:35:15] [Render thread/INFO] (Minecraft) Villager Villager['猎人'/317, l='ClientLevel', x=-199.50, y=117.06, z=101.70] died, message: '猎人死了'
[16:35:15] [Render thread/INFO] (Minecraft) Villager Villager['猎人'/320, l='ClientLevel', x=-201.50, y=117.06, z=101.70] died, message: '猎人死了'
[16:35:15] [Server thread/INFO] (Minecraft) Villager Villager['猎人'/322, l='ServerLevel[Test]', x=-203.70, y=117.48, z=101.59] died, message: '猎人被Player768用[Karabiner 98k]射杀'
[16:35:15] [Render thread/INFO] (Minecraft) Loaded 32 advancements
[16:35:15] [Render thread/INFO] (Minecraft) Villager Villager['猎人'/322, l='ClientLevel', x=-203.70, y=117.59, z=101.55] died, message: '猎人死了'
[16:35:29] [Server thread/INFO] (Minecraft) Villager Villager['猎人'/93, l='ServerLevel[Test]', x=-205.70, y=117.00, z=101.49] died, message: '猎人被Player768用[Karabiner 98k]射杀'
[16:35:29] [Render thread/INFO] (Minecraft) Villager Villager['猎人'/93, l='ClientLevel', x=-205.70, y=117.00, z=101.49] died, message: '猎人死了'
[16:35:40] [Server thread/INFO] (Minecraft) Saving and pausing game...
[16:35:40] [Server thread/INFO] (Minecraft) Saving chunks for level 'ServerLevel[Test]'/minecraft:overworld
[16:35:40] [Server thread/INFO] (Minecraft) Saving chunks for level 'ServerLevel[Test]'/minecraft:the_end
[16:35:40] [Server thread/INFO] (Minecraft) Saving chunks for level 'ServerLevel[Test]'/minecraft:the_nether
[16:35:41] [Server thread/INFO] (Minecraft) Player768 lost connection: 连接中断
[16:35:41] [Server thread/INFO] (Minecraft) Player768退出了游戏
[16:35:41] [Server thread/INFO] (Minecraft) Stopping singleplayer server as player logged out
[16:35:41] [Server thread/INFO] (Minecraft) Stopping server
[16:35:41] [Server thread/INFO] (Minecraft) Saving players
[16:35:41] [Server thread/INFO] (Minecraft) Saving worlds
[16:35:42] [Server thread/INFO] (Minecraft) Saving chunks for level 'ServerLevel[Test]'/minecraft:overworld
[16:35:42] [Server thread/INFO] (Minecraft) Saving chunks for level 'ServerLevel[Test]'/minecraft:the_end
[16:35:42] [Server thread/INFO] (Minecraft) Saving chunks for level 'ServerLevel[Test]'/minecraft:the_nether
[16:35:42] [Server thread/INFO] (Minecraft) ThreadedAnvilChunkStorage (Test): All chunks are saved
[16:35:42] [Server thread/INFO] (Minecraft) ThreadedAnvilChunkStorage (DIM1): All chunks are saved
[16:35:42] [Server thread/INFO] (Minecraft) ThreadedAnvilChunkStorage (DIM-1): All chunks are saved
[16:35:42] [Server thread/INFO] (Minecraft) ThreadedAnvilChunkStorage: All dimensions are saved
[16:35:43] [Render thread/INFO] (Minecraft) Stopping!
